// Jest Snapshot v1, https://goo.gl/fbAQLP

exports[`Dialog 1`] = `
<div>
  <div
    class="zzc-dialog"
  >
    <div
      class="zzc-dialog-mask"
    />
    <div
      class="zzc-dialog-box"
    >
      <div
        class="modal-text"
      >
        这是一个文案...
      </div>
    </div>
  </div>
</div>
`;
