// Jest Snapshot v1, https://goo.gl/fbAQLP

exports[`Modal 1`] = `
<div
  class="zds-popup"
>
  <div
    class="zds-popup-mask"
  />
  <div
    class="zds-popup-box zds-popup-bottom"
  >
    <h1>
      123
    </h1>
  </div>
</div>
`;
